Archive member included to satisfy reference by file (symbol)

c:/sysgcc/arm-eabi/bin/../lib/gcc/arm-eabi/7.2.0/thumb/cortex_m3\libgcc.a(_arm_addsubdf3.o)
                              cPaddel.o (__aeabi_i2d)
c:/sysgcc/arm-eabi/bin/../lib/gcc/arm-eabi/7.2.0/thumb/cortex_m3\libgcc.a(_arm_muldivdf3.o)
                              cPaddel.o (__aeabi_dmul)
c:/sysgcc/arm-eabi/bin/../lib/gcc/arm-eabi/7.2.0/thumb/cortex_m3\libgcc.a(_arm_fixdfsi.o)
                              HCSR04.o (__aeabi_d2iz)
c:/sysgcc/arm-eabi/bin/../lib/gcc/arm-eabi/7.2.0/thumb/cortex_m3\libgcc.a(_aeabi_ldivmod.o)
                              HCSR04.o (__aeabi_ldivmod)
c:/sysgcc/arm-eabi/bin/../lib/gcc/arm-eabi/7.2.0/thumb/cortex_m3\libgcc.a(_aeabi_uldivmod.o)
                              hwlib.o (__aeabi_uldivmod)
c:/sysgcc/arm-eabi/bin/../lib/gcc/arm-eabi/7.2.0/thumb/cortex_m3\libgcc.a(_udivmoddi4.o)
                              c:/sysgcc/arm-eabi/bin/../lib/gcc/arm-eabi/7.2.0/thumb/cortex_m3\libgcc.a(_aeabi_ldivmod.o) (__udivmoddi4)
c:/sysgcc/arm-eabi/bin/../lib/gcc/arm-eabi/7.2.0/thumb/cortex_m3\libgcc.a(_dvmd_tls.o)
                              c:/sysgcc/arm-eabi/bin/../lib/gcc/arm-eabi/7.2.0/thumb/cortex_m3\libgcc.a(_aeabi_ldivmod.o) (__aeabi_ldiv0)
c:/sysgcc/arm-eabi/bin/../lib/gcc/arm-eabi/7.2.0/../../../../arm-eabi/lib/thumb/cortex_m3\libc.a(lib_a-rand.o)
                              main.o (srand)
c:/sysgcc/arm-eabi/bin/../lib/gcc/arm-eabi/7.2.0/../../../../arm-eabi/lib/thumb/cortex_m3\libc.a(lib_a-impure.o)
                              c:/sysgcc/arm-eabi/bin/../lib/gcc/arm-eabi/7.2.0/../../../../arm-eabi/lib/thumb/cortex_m3\libc.a(lib_a-rand.o) (_impure_ptr)

Allocating common symbols
Common symbol       size              file

__dso_handle        0x4               bmptk_cortex.o

Discarded input sections

 .group         0x00000000        0x8 tinyLidar.o
 .group         0x00000000        0x8 tinyLidar.o
 .group         0x00000000        0x8 tinyLidar.o
 .group         0x00000000        0x8 tinyLidar.o
 .group         0x00000000        0x8 tinyLidar.o
 .group         0x00000000        0x8 tinyLidar.o
 .group         0x00000000        0x8 tinyLidar.o
 .group         0x00000000        0x8 tinyLidar.o
 .group         0x00000000        0x8 tinyLidar.o
 .text          0x00000000        0x0 tinyLidar.o
 .data          0x00000000        0x0 tinyLidar.o
 .bss           0x00000000        0x0 tinyLidar.o
 .text._ZN3due11ad_pin_infoENS_7ad_pinsE
                0x00000000       0x1c tinyLidar.o
 .text._ZN3due11ad_seq_infoEm
                0x00000000       0x20 tinyLidar.o
 .text._ZN5hwlib9uart_putcEc
                0x00000000        0x4 tinyLidar.o
 .text._ZN5hwlib19uart_char_availableEv
                0x00000000        0x4 tinyLidar.o
 .text._ZN5hwlib9uart_getcEv
                0x00000000        0x4 tinyLidar.o
 .text._ZN9tinyLiderC2EcRN5hwlib26i2c_bus_bit_banged_scl_sdaE
                0x00000000       0x30 tinyLidar.o
 .text._ZN9tinyLider8distanceEv
                0x00000000       0x34 tinyLidar.o
 .text._ZN9tinyLider3getEv
                0x00000000       0x22 tinyLidar.o
 .rodata._ZTV9tinyLider
                0x00000000        0xc tinyLidar.o
 .rodata._ZZN3due11ad_pin_infoENS_7ad_pinsEE17ad_pin_info_array
                0x00000000        0xc tinyLidar.o
 .rodata._ZZN3due11ad_seq_infoEmE12ad_seq_array
                0x00000000       0x70 tinyLidar.o
 .group         0x00000000        0x8 HCSR04.o
 .text          0x00000000        0x0 HCSR04.o
 .data          0x00000000        0x0 HCSR04.o
 .bss           0x00000000        0x0 HCSR04.o
 .text._ZN6sam3xa10SystemInitEv
                0x00000000       0x7c HCSR04.o
 .text._ZN3due8pin_infoENS_4pinsE
                0x00000000       0x20 HCSR04.o
 .text._ZN3due11ad_pin_infoENS_7ad_pinsE
                0x00000000       0x1c HCSR04.o
 .text._ZN3due11ad_seq_infoEm
                0x00000000       0x20 HCSR04.o
 .text._ZN3due14port_registersEm
                0x00000000       0x48 HCSR04.o
 .text._ZN3due12ticks_per_usEv
                0x00000000        0x6 HCSR04.o
 .text._ZN3due9now_ticksEv
                0x00000000       0x74 HCSR04.o
 .text._ZN5hwlib9uart_putcEc
                0x00000000        0x4 HCSR04.o
 .text._ZN5hwlib19uart_char_availableEv
                0x00000000        0x4 HCSR04.o
 .text._ZN5hwlib9uart_getcEv
                0x00000000        0x4 HCSR04.o
 .bss._ZZN3due9now_ticksEvE4high
                0x00000000        0x8 HCSR04.o
 .bss._ZZN3due9now_ticksEvE8last_low
                0x00000000        0x4 HCSR04.o
 .bss._ZZN3due9now_ticksEvE9init_done
                0x00000000        0x1 HCSR04.o
 .data._ZN6sam3xa15SystemCoreClockE
                0x00000000        0x4 HCSR04.o
 .rodata._ZN3due8pin_infoENS_4pinsE.str1.1
                0x00000000       0x33 HCSR04.o
 .rodata._ZZN3due11ad_pin_infoENS_7ad_pinsEE17ad_pin_info_array
                0x00000000        0xc HCSR04.o
 .rodata._ZZN3due11ad_seq_infoEmE12ad_seq_array
                0x00000000       0x70 HCSR04.o
 .rodata._ZZN3due8pin_infoENS_4pinsEE14pin_info_array
                0x00000000       0xa4 HCSR04.o
 .group         0x00000000        0x8 piezo.o
 .text          0x00000000        0x0 piezo.o
 .data          0x00000000        0x0 piezo.o
 .bss           0x00000000        0x0 piezo.o
 .text._ZN6sam3xa10SystemInitEv
                0x00000000       0x7c piezo.o
 .text._ZN3due8pin_infoENS_4pinsE
                0x00000000       0x20 piezo.o
 .text._ZN3due11ad_pin_infoENS_7ad_pinsE
                0x00000000       0x1c piezo.o
 .text._ZN3due11ad_seq_infoEm
                0x00000000       0x20 piezo.o
 .text._ZN3due14port_registersEm
                0x00000000       0x48 piezo.o
 .text._ZN3due12ticks_per_usEv
                0x00000000        0x6 piezo.o
 .text._ZN3due9now_ticksEv
                0x00000000       0x74 piezo.o
 .text._ZN5hwlib9uart_putcEc
                0x00000000        0x4 piezo.o
 .text._ZN5hwlib19uart_char_availableEv
                0x00000000        0x4 piezo.o
 .text._ZN5hwlib9uart_getcEv
                0x00000000        0x4 piezo.o
 .bss._ZZN3due9now_ticksEvE4high
                0x00000000        0x8 piezo.o
 .bss._ZZN3due9now_ticksEvE8last_low
                0x00000000        0x4 piezo.o
 .bss._ZZN3due9now_ticksEvE9init_done
                0x00000000        0x1 piezo.o
 .data._ZN6sam3xa15SystemCoreClockE
                0x00000000        0x4 piezo.o
 .rodata._ZN3due8pin_infoENS_4pinsE.str1.1
                0x00000000       0x33 piezo.o
 .rodata._ZZN3due11ad_pin_infoENS_7ad_pinsEE17ad_pin_info_array
                0x00000000        0xc piezo.o
 .rodata._ZZN3due11ad_seq_infoEmE12ad_seq_array
                0x00000000       0x70 piezo.o
 .rodata._ZZN3due8pin_infoENS_4pinsEE14pin_info_array
                0x00000000       0xa4 piezo.o
 .group         0x00000000        0x8 cBall.o
 .text          0x00000000        0x0 cBall.o
 .data          0x00000000        0x0 cBall.o
 .bss           0x00000000        0x0 cBall.o
 .text._ZN6sam3xa10SystemInitEv
                0x00000000       0x7c cBall.o
 .text._ZN3due8pin_infoENS_4pinsE
                0x00000000       0x20 cBall.o
 .text._ZN3due11ad_pin_infoENS_7ad_pinsE
                0x00000000       0x1c cBall.o
 .text._ZN3due11ad_seq_infoEm
                0x00000000       0x20 cBall.o
 .text._ZN3due14port_registersEm
                0x00000000       0x48 cBall.o
 .text._ZN3due12ticks_per_usEv
                0x00000000        0x6 cBall.o
 .text._ZN3due9now_ticksEv
                0x00000000       0x74 cBall.o
 .text._ZN5hwlib9uart_putcEc
                0x00000000        0x4 cBall.o
 .text._ZN5hwlib19uart_char_availableEv
                0x00000000        0x4 cBall.o
 .text._ZN5hwlib9uart_getcEv
                0x00000000        0x4 cBall.o
 .bss._ZZN3due9now_ticksEvE4high
                0x00000000        0x8 cBall.o
 .bss._ZZN3due9now_ticksEvE8last_low
                0x00000000        0x4 cBall.o
 .bss._ZZN3due9now_ticksEvE9init_done
                0x00000000        0x1 cBall.o
 .data._ZN6sam3xa15SystemCoreClockE
                0x00000000        0x4 cBall.o
 .rodata._ZN3due8pin_infoENS_4pinsE.str1.1
                0x00000000       0x33 cBall.o
 .rodata._ZZN3due11ad_pin_infoENS_7ad_pinsEE17ad_pin_info_array
                0x00000000        0xc cBall.o
 .rodata._ZZN3due11ad_seq_infoEmE12ad_seq_array
                0x00000000       0x70 cBall.o
 .rodata._ZZN3due8pin_infoENS_4pinsEE14pin_info_array
                0x00000000       0xa4 cBall.o
 .group         0x00000000        0x8 cPaddel.o
 .text          0x00000000        0x0 cPaddel.o
 .data          0x00000000        0x0 cPaddel.o
 .bss           0x00000000        0x0 cPaddel.o
 .text._ZN6sam3xa10SystemInitEv
                0x00000000       0x7c cPaddel.o
 .text._ZN3due8pin_infoENS_4pinsE
                0x00000000       0x20 cPaddel.o
 .text._ZN3due11ad_pin_infoENS_7ad_pinsE
                0x00000000       0x1c cPaddel.o
 .text._ZN3due11ad_seq_infoEm
                0x00000000       0x20 cPaddel.o
 .text._ZN3due14port_registersEm
                0x00000000       0x48 cPaddel.o
 .text._ZN3due12ticks_per_usEv
                0x00000000        0x6 cPaddel.o
 .text._ZN3due9now_ticksEv
                0x00000000       0x74 cPaddel.o
 .text._ZN5hwlib9uart_putcEc
                0x00000000        0x4 cPaddel.o
 .text._ZN5hwlib19uart_char_availableEv
                0x00000000        0x4 cPaddel.o
 .text._ZN5hwlib9uart_getcEv
                0x00000000        0x4 cPaddel.o
 .bss._ZZN3due9now_ticksEvE4high
                0x00000000        0x8 cPaddel.o
 .bss._ZZN3due9now_ticksEvE8last_low
                0x00000000        0x4 cPaddel.o
 .bss._ZZN3due9now_ticksEvE9init_done
                0x00000000        0x1 cPaddel.o
 .data._ZN6sam3xa15SystemCoreClockE
                0x00000000        0x4 cPaddel.o
 .rodata._ZN3due8pin_infoENS_4pinsE.str1.1
                0x00000000       0x33 cPaddel.o
 .rodata._ZZN3due11ad_pin_infoENS_7ad_pinsEE17ad_pin_info_array
                0x00000000        0xc cPaddel.o
 .rodata._ZZN3due11ad_seq_infoEmE12ad_seq_array
                0x00000000       0x70 cPaddel.o
 .rodata._ZZN3due8pin_infoENS_4pinsEE14pin_info_array
                0x00000000       0xa4 cPaddel.o
 .group         0x00000000        0x8 pongManger.o
 .group         0x00000000        0x8 pongManger.o
 .text          0x00000000        0x0 pongManger.o
 .data          0x00000000        0x0 pongManger.o
 .bss           0x00000000        0x0 pongManger.o
 .text._ZN6sam3xa10SystemInitEv
                0x00000000       0x7c pongManger.o
 .text._ZN3due8pin_infoENS_4pinsE
                0x00000000       0x20 pongManger.o
 .text._ZN3due11ad_pin_infoENS_7ad_pinsE
                0x00000000       0x1c pongManger.o
 .text._ZN3due11ad_seq_infoEm
                0x00000000       0x20 pongManger.o
 .text._ZN3due14port_registersEm
                0x00000000       0x48 pongManger.o
 .text._ZN3due12ticks_per_usEv
                0x00000000        0x6 pongManger.o
 .text._ZN3due9now_ticksEv
                0x00000000       0x74 pongManger.o
 .text._ZN5hwlib9uart_putcEc
                0x00000000        0x4 pongManger.o
 .text._ZN5hwlib19uart_char_availableEv
                0x00000000        0x4 pongManger.o
 .text._ZN5hwlib9uart_getcEv
                0x00000000        0x4 pongManger.o
 .bss._ZZN3due9now_ticksEvE4high
                0x00000000        0x8 pongManger.o
 .bss._ZZN3due9now_ticksEvE8last_low
                0x00000000        0x4 pongManger.o
 .bss._ZZN3due9now_ticksEvE9init_done
                0x00000000        0x1 pongManger.o
 .data._ZN6sam3xa15SystemCoreClockE
                0x00000000        0x4 pongManger.o
 .rodata._ZN3due8pin_infoENS_4pinsE.str1.1
                0x00000000       0x33 pongManger.o
 .rodata._ZZN3due11ad_pin_infoENS_7ad_pinsEE17ad_pin_info_array
                0x00000000        0xc pongManger.o
 .rodata._ZZN3due11ad_seq_infoEmE12ad_seq_array
                0x00000000       0x70 pongManger.o
 .rodata._ZZN3due8pin_infoENS_4pinsEE14pin_info_array
                0x00000000       0xa4 pongManger.o
 .group         0x00000000        0x8 controler.o
 .text          0x00000000        0x0 controler.o
 .data          0x00000000        0x0 controler.o
 .bss           0x00000000        0x0 controler.o
 .group         0x00000000        0x8 YL40.o
 .text          0x00000000        0x0 YL40.o
 .data          0x00000000        0x0 YL40.o
 .bss           0x00000000        0x0 YL40.o
 .text._ZN6sam3xa10SystemInitEv
                0x00000000       0x7c YL40.o
 .text._ZN3due8pin_infoENS_4pinsE
                0x00000000       0x20 YL40.o
 .text._ZN3due11ad_pin_infoENS_7ad_pinsE
                0x00000000       0x1c YL40.o
 .text._ZN3due11ad_seq_infoEm
                0x00000000       0x20 YL40.o
 .text._ZN3due14port_registersEm
                0x00000000       0x48 YL40.o
 .text._ZN3due12ticks_per_usEv
                0x00000000        0x6 YL40.o
 .text._ZN3due9now_ticksEv
                0x00000000       0x74 YL40.o
 .text._ZN5hwlib9uart_putcEc
                0x00000000        0x4 YL40.o
 .text._ZN5hwlib19uart_char_availableEv
                0x00000000        0x4 YL40.o
 .text._ZN5hwlib9uart_getcEv
                0x00000000        0x4 YL40.o
 .text._ZN4YL4012changreadoutEc
                0x00000000       0x16 YL40.o
 .bss._ZZN3due9now_ticksEvE4high
                0x00000000        0x8 YL40.o
 .bss._ZZN3due9now_ticksEvE8last_low
                0x00000000        0x4 YL40.o
 .bss._ZZN3due9now_ticksEvE9init_done
                0x00000000        0x1 YL40.o
 .data._ZN6sam3xa15SystemCoreClockE
                0x00000000        0x4 YL40.o
 .rodata._ZN3due8pin_infoENS_4pinsE.str1.1
                0x00000000       0x33 YL40.o
 .rodata._ZZN3due11ad_pin_infoENS_7ad_pinsEE17ad_pin_info_array
                0x00000000        0xc YL40.o
 .rodata._ZZN3due11ad_seq_infoEmE12ad_seq_array
                0x00000000       0x70 YL40.o
 .rodata._ZZN3due8pin_infoENS_4pinsEE14pin_info_array
                0x00000000       0xa4 YL40.o
 .group         0x00000000        0x8 GY61.o
 .text          0x00000000        0x0 GY61.o
 .data          0x00000000        0x0 GY61.o
 .bss           0x00000000        0x0 GY61.o
 .text._ZN4GY613getEv
                0x00000000       0x1a GY61.o
 .text._ZN6sam3xa10SystemInitEv
                0x00000000       0x7c GY61.o
 .text._ZN3due8pin_infoENS_4pinsE
                0x00000000       0x20 GY61.o
 .text._ZN3due11ad_pin_infoENS_7ad_pinsE
                0x00000000       0x1c GY61.o
 .text._ZN3due11ad_seq_infoEm
                0x00000000       0x20 GY61.o
 .text._ZN3due14port_registersEm
                0x00000000       0x48 GY61.o
 .text._ZN3due12ticks_per_usEv
                0x00000000        0x6 GY61.o
 .text._ZN3due9now_ticksEv
                0x00000000       0x74 GY61.o
 .text._ZN5hwlib9uart_putcEc
                0x00000000        0x4 GY61.o
 .text._ZN5hwlib19uart_char_availableEv
                0x00000000        0x4 GY61.o
 .text._ZN5hwlib9uart_getcEv
                0x00000000        0x4 GY61.o
 .text._ZN4GY61C2ER4YL40c
                0x00000000       0x28 GY61.o
 .bss._ZZN3due9now_ticksEvE4high
                0x00000000        0x8 GY61.o
 .bss._ZZN3due9now_ticksEvE8last_low
                0x00000000        0x4 GY61.o
 .bss._ZZN3due9now_ticksEvE9init_done
                0x00000000        0x1 GY61.o
 .data._ZN6sam3xa15SystemCoreClockE
                0x00000000        0x4 GY61.o
 .rodata._ZN3due8pin_infoENS_4pinsE.str1.1
                0x00000000       0x33 GY61.o
 .rodata._ZTV4GY61
                0x00000000        0xc GY61.o
 .rodata._ZZN3due11ad_pin_infoENS_7ad_pinsEE17ad_pin_info_array
                0x00000000        0xc GY61.o
 .rodata._ZZN3due11ad_seq_infoEmE12ad_seq_array
                0x00000000       0x70 GY61.o
 .rodata._ZZN3due8pin_infoENS_4pinsEE14pin_info_array
                0x00000000       0xa4 GY61.o
 .comment       0x00000000       0x12 GY61.o
 .group         0x00000000        0x8 potmeter.o
 .text          0x00000000        0x0 potmeter.o
 .data          0x00000000        0x0 potmeter.o
 .bss           0x00000000        0x0 potmeter.o
 .text._ZN6sam3xa10SystemInitEv
                0x00000000       0x7c potmeter.o
 .text._ZN3due8pin_infoENS_4pinsE
                0x00000000       0x20 potmeter.o
 .text._ZN3due11ad_pin_infoENS_7ad_pinsE
                0x00000000       0x1c potmeter.o
 .text._ZN3due11ad_seq_infoEm
                0x00000000       0x20 potmeter.o
 .text._ZN3due14port_registersEm
                0x00000000       0x48 potmeter.o
 .text._ZN3due12ticks_per_usEv
                0x00000000        0x6 potmeter.o
 .text._ZN3due9now_ticksEv
                0x00000000       0x74 potmeter.o
 .text._ZN5hwlib9uart_putcEc
                0x00000000        0x4 potmeter.o
 .text._ZN5hwlib19uart_char_availableEv
                0x00000000        0x4 potmeter.o
 .text._ZN5hwlib9uart_getcEv
                0x00000000        0x4 potmeter.o
 .bss._ZZN3due9now_ticksEvE4high
                0x00000000        0x8 potmeter.o
 .bss._ZZN3due9now_ticksEvE8last_low
                0x00000000        0x4 potmeter.o
 .bss._ZZN3due9now_ticksEvE9init_done
                0x00000000        0x1 potmeter.o
 .data._ZN6sam3xa15SystemCoreClockE
                0x00000000        0x4 potmeter.o
 .rodata._ZN3due8pin_infoENS_4pinsE.str1.1
                0x00000000       0x33 potmeter.o
 .rodata._ZZN3due11ad_pin_infoENS_7ad_pinsEE17ad_pin_info_array
                0x00000000        0xc potmeter.o
 .rodata._ZZN3due11ad_seq_infoEmE12ad_seq_array
                0x00000000       0x70 potmeter.o
 .rodata._ZZN3due8pin_infoENS_4pinsEE14pin_info_array
                0x00000000       0xa4 potmeter.o
 .group         0x00000000        0x8 hwlib.o
 .group         0x00000000        0x8 hwlib.o
 .group         0x00000000        0x8 hwlib.o
 .group         0x00000000        0x8 hwlib.o
 .group         0x00000000        0x8 hwlib.o
 .group         0x00000000        0x8 hwlib.o
 .group         0x00000000        0x8 hwlib.o
 .group         0x00000000        0x8 hwlib.o
 .group         0x00000000        0x8 hwlib.o
 .group         0x00000000        0x8 hwlib.o
 .group         0x00000000        0x8 hwlib.o
 .group         0x00000000        0x8 hwlib.o
 .group         0x00000000        0x8 hwlib.o
 .group         0x00000000        0x8 hwlib.o
 .group         0x00000000        0x8 hwlib.o
 .group         0x00000000        0x8 hwlib.o
 .group         0x00000000        0x8 hwlib.o
 .group         0x00000000        0x8 hwlib.o
 .group         0x00000000        0x8 hwlib.o
 .group         0x00000000        0x8 hwlib.o
 .group         0x00000000        0x8 hwlib.o
 .group         0x00000000        0x8 hwlib.o
 .group         0x00000000        0x8 hwlib.o
 .group         0x00000000        0x8 hwlib.o
 .group         0x00000000        0x8 hwlib.o
 .group         0x00000000        0x8 hwlib.o
 .group         0x00000000        0x8 hwlib.o
 .group         0x00000000        0x8 hwlib.o
 .group         0x00000000        0x8 hwlib.o
 .group         0x00000000        0x8 hwlib.o
 .group         0x00000000        0x8 hwlib.o
 .group         0x00000000        0x8 hwlib.o
 .group         0x00000000        0x8 hwlib.o
 .group         0x00000000        0x8 hwlib.o
 .group         0x00000000        0x8 hwlib.o
 .group         0x00000000        0x8 hwlib.o
 .text          0x00000000        0x0 hwlib.o
 .data          0x00000000        0x0 hwlib.o
 .bss           0x00000000        0x0 hwlib.o
 .text._ZN5hwlib10pin_in_out7refreshEv
                0x00000000        0x2 hwlib.o
 .text._ZN5hwlib10pin_in_out5flushEv
                0x00000000        0x2 hwlib.o
 .text._ZN5hwlib7ostream5flushEv
                0x00000000        0x2 hwlib.o
 .text._ZN5hwlib7istream11getc_nowaitEv
                0x00000000       0x1a hwlib.o
 .text._ZN5hwlib23_pin_in_out_dummy_class3setEbNS_9bufferingE
                0x00000000        0x2 hwlib.o
 .text._ZN5hwlib23_pin_in_out_dummy_class3getENS_9bufferingE
                0x00000000        0x4 hwlib.o
 .text._ZN5hwlib23_pin_in_out_dummy_class19direction_set_inputEv
                0x00000000        0x2 hwlib.o
 .text._ZN5hwlib23_pin_in_out_dummy_class20direction_set_outputEv
                0x00000000        0x2 hwlib.o
 .text._ZN5hwlib19_pin_in_dummy_class3getENS_9bufferingE
                0x00000000        0x4 hwlib.o
 .text._ZN5hwlib20_pin_out_dummy_class3setEbNS_9bufferingE
                0x00000000        0x2 hwlib.o
 .text._ZN5hwlib19_pin_oc_dummy_class3setEbNS_9bufferingE
                0x00000000        0x2 hwlib.o
 .text._ZN5hwlib19_pin_oc_dummy_class3getENS_9bufferingE
                0x00000000        0x4 hwlib.o
 .text._ZNK5hwlib9image_8x818get_implementationENS_8locationE
                0x00000000       0x44 hwlib.o
 .text._ZN5hwlib7ostream6fillerEi
                0x00000000       0x1a hwlib.o
 .text._ZN5hwliblsERNS_7ostreamEPKc
                0x00000000       0x54 hwlib.o
 .text._ZN5hwliblsERNS_7ostreamEx
                0x00000000      0x102 hwlib.o
 .text._ZN5hwliblsERNS_7ostreamENS_8locationE
                0x00000000       0x3c hwlib.o
 .text._ZN5hwlib6window5writeENS_8locationENS_5colorENS_9bufferingE
                0x00000000       0x34 hwlib.o
 .text._ZN5hwlib4line4drawERNS_6windowENS_9bufferingE
                0x00000000       0xa8 hwlib.o
 .text._ZN5hwlib6circle4drawERNS_6windowENS_9bufferingE
                0x00000000      0x314 hwlib.o
 .text._ZN5hwlib4randEv
                0x00000000       0x20 hwlib.o
 .text._ZN5hwlib15random_in_rangeEjj
                0x00000000       0x1a hwlib.o
 .text._ZN6sam3xa10SystemInitEv
                0x00000000       0x7c hwlib.o
 .text._ZN3due8pin_infoENS_4pinsE
                0x00000000       0x20 hwlib.o
 .text._ZN3due11ad_pin_infoENS_7ad_pinsE
                0x00000000       0x1c hwlib.o
 .text._ZN3due11ad_seq_infoEm
                0x00000000       0x20 hwlib.o
 .text._ZN3due14port_registersEm
                0x00000000       0x48 hwlib.o
 .text._ZN3due12ticks_per_usEv
                0x00000000        0x6 hwlib.o
 .text._ZN3due9now_ticksEv
                0x00000000       0x74 hwlib.o
 .text._ZN3due9uart_initEv
                0x00000000       0x60 hwlib.o
 .text._ZN3due19uart_char_availableEv
                0x00000000       0x18 hwlib.o
 .text._ZN3due9uart_getcEv
                0x00000000       0x18 hwlib.o
 .text._ZN3due9uart_putcEc
                0x00000000       0x1c hwlib.o
 .text._ZN5hwlib9uart_putcEc
                0x00000000        0x4 hwlib.o
 .text._ZN5hwlib20cout_using_uart_putc4putcEc
                0x00000000        0xa hwlib.o
 .text._ZN5hwlib19uart_char_availableEv
                0x00000000        0x4 hwlib.o
 .text._ZN5hwlib19cin_using_uart_getc14char_availableEv
                0x00000000        0x8 hwlib.o
 .text._ZN5hwlib9uart_getcEv
                0x00000000        0x4 hwlib.o
 .text._ZN5hwlib19cin_using_uart_getc4getcEv
                0x00000000        0x8 hwlib.o
 .text._ZN5hwlib12ticks_per_usEv
                0x00000000        0x8 hwlib.o
 .text._ZN5hwlib24uart_getc_bit_banged_pinERNS_6pin_inE
                0x00000000       0x76 hwlib.o
 .text._ZN5hwlib24uart_putc_bit_banged_pinEcRNS_7pin_outE
                0x00000000       0x66 hwlib.o
 .text._ZN5hwlib5blinkERNS_7pin_outEj
                0x00000000       0x2c hwlib.o
 .text._ZN5hwlib4kittERNS_11port_in_outEj
                0x00000000       0x58 hwlib.o
 .text._ZN5hwlib4kittERNS_8port_outEj
                0x00000000       0x52 hwlib.o
 .text._ZN5hwlib4kittERNS_7port_ocEj
                0x00000000       0x52 hwlib.o
 .text._ZN5hwlib21graphics_random_linesERNS_6windowEj
                0x00000000       0xfc hwlib.o
 .text._ZN5hwlib23graphics_random_circlesERNS_6windowEj
                0x00000000       0x7c hwlib.o
 .text._ZN5hwlib12dac_triangleERNS_3dacEj
                0x00000000       0x36 hwlib.o
 .rodata._ZTVN5hwlib20cout_using_uart_putcE
                0x00000000       0x10 hwlib.o
 .rodata._ZTVN5hwlib19cin_using_uart_getcE
                0x00000000       0x14 hwlib.o
 .rodata._ZTVN5hwlib23_pin_in_out_dummy_classE
                0x00000000       0x20 hwlib.o
 .rodata._ZTVN5hwlib19_pin_in_dummy_classE
                0x00000000       0x10 hwlib.o
 .rodata._ZTVN5hwlib20_pin_out_dummy_classE
                0x00000000       0x10 hwlib.o
 .rodata._ZTVN5hwlib19_pin_oc_dummy_classE
                0x00000000       0x18 hwlib.o
 .rodata._ZTVN5hwlib9image_8x8E
                0x00000000        0xc hwlib.o
 .rodata._ZTVN5hwlib4lineE
                0x00000000        0xc hwlib.o
 .rodata._ZTVN5hwlib6circleE
                0x00000000        0xc hwlib.o
 .bss._ZZN3due9now_ticksEvE4high
                0x00000000        0x8 hwlib.o
 .bss._ZZN3due9now_ticksEvE8last_low
                0x00000000        0x4 hwlib.o
 .bss._ZZN3due9now_ticksEvE9init_done
                0x00000000        0x1 hwlib.o
 .bss._ZZN3due9uart_initEvE9init_done
                0x00000000        0x1 hwlib.o
 .bss._ZZN5hwlib4randEvE1n
                0x00000000        0x4 hwlib.o
 .data._ZN3due7hw_uartE
                0x00000000        0x4 hwlib.o
 .data._ZN5hwlib12pin_in_dummyE
                0x00000000        0x4 hwlib.o
 .data._ZN5hwlib12pin_oc_dummyE
                0x00000000        0x4 hwlib.o
 .data._ZN5hwlib13pin_out_dummyE
                0x00000000        0x4 hwlib.o
 .data._ZN5hwlib15font_16x16_dataE
                0x00000000      0xbe4 hwlib.o
 .data._ZN5hwlib16pin_in_out_dummyE
                0x00000000        0x4 hwlib.o
 .data._ZN5hwlib3cinE
                0x00000000        0x4 hwlib.o
 .data._ZN5hwlib4coutE
                0x00000000       0x14 hwlib.o
 .data._ZN6sam3xa15SystemCoreClockE
                0x00000000        0x4 hwlib.o
 .rodata._ZN3due8pin_infoENS_4pinsE.str1.1
                0x00000000       0x33 hwlib.o
 .rodata._ZN5hwlib16font_default_8x86imagesE
                0x00000000      0xa00 hwlib.o
 .rodata._ZN5hwlibL5blackE
                0x00000000        0x4 hwlib.o
 .rodata._ZN5hwlibL5whiteE
                0x00000000        0x4 hwlib.o
 .rodata._ZN5hwliblsERNS_7ostreamENS_8locationE.str1.1
                0x00000000        0x6 hwlib.o
 .rodata._ZZN3due11ad_pin_infoENS_7ad_pinsEE17ad_pin_info_array
                0x00000000        0xc hwlib.o
 .rodata._ZZN3due11ad_seq_infoEmE12ad_seq_array
                0x00000000       0x70 hwlib.o
 .rodata._ZZN3due8pin_infoENS_4pinsEE14pin_info_array
                0x00000000       0xa4 hwlib.o
 .group         0x00000000        0x8 main.o
 .group         0x00000000        0x8 main.o
 .group         0x00000000        0x8 main.o
 .group         0x00000000        0x8 main.o
 .group         0x00000000        0x8 main.o
 .group         0x00000000        0x8 main.o
 .group         0x00000000        0x8 main.o
 .group         0x00000000        0x8 main.o
 .group         0x00000000        0x8 main.o
 .group         0x00000000        0x8 main.o
 .group         0x00000000        0x8 main.o
 .group         0x00000000        0x8 main.o
 .group         0x00000000        0x8 main.o
 .group         0x00000000        0x8 main.o
 .group         0x00000000        0x8 main.o
 .group         0x00000000        0x8 main.o
 .group         0x00000000        0x8 main.o
 .group         0x00000000        0x8 main.o
 .group         0x00000000        0x8 main.o
 .group         0x00000000        0x8 main.o
 .group         0x00000000        0x8 main.o
 .group         0x00000000        0x8 main.o
 .group         0x00000000        0x8 main.o
 .group         0x00000000        0x8 main.o
 .group         0x00000000        0x8 main.o
 .group         0x00000000        0x8 main.o
 .group         0x00000000        0x8 main.o
 .group         0x00000000        0x8 main.o
 .group         0x00000000        0x8 main.o
 .text          0x00000000        0x0 main.o
 .data          0x00000000        0x0 main.o
 .bss           0x00000000        0x0 main.o
 .text._ZN5hwlib6pin_in7refreshEv
                0x00000000        0x2 main.o
 .text._ZN5hwlib7pin_out5flushEv
                0x00000000        0x2 main.o
 .text._ZN5hwlib6pin_oc7refreshEv
                0x00000000        0x2 main.o
 .text._ZN5hwlib6pin_oc5flushEv
                0x00000000        0x2 main.o
 .text._ZN5hwlib26i2c_bus_bit_banged_scl_sda16wait_half_periodEv.isra.0
                0x00000000        0x6 main.o
 .text._ZN5hwlib26i2c_bus_bit_banged_scl_sda9write_bitEb
                0x00000000       0x36 main.o
 .text._ZN5hwlib26i2c_bus_bit_banged_scl_sda8read_bitEv
                0x00000000       0x44 main.o
 .text._ZN5hwlib26i2c_bus_bit_banged_scl_sda11write_startEv
                0x00000000       0x28 main.o
 .text._ZN5hwlib26i2c_bus_bit_banged_scl_sda10write_stopEv
                0x00000000       0x48 main.o
 .text._ZN5hwlib26i2c_bus_bit_banged_scl_sda10write_byteEj
                0x00000000       0x1c main.o
 .text._ZN5hwlib26i2c_bus_bit_banged_scl_sda5writeEjPKhj
                0x00000000       0x3a main.o
 .text._ZN5hwlib26i2c_bus_bit_banged_scl_sda4readEjPhj
                0x00000000       0x60 main.o
 .text._ZN6sam3xa10SystemInitEv
                0x00000000       0x7c main.o
 .text._ZN3due8pin_infoENS_4pinsE
                0x00000000       0x20 main.o
 .text._ZN3due11ad_pin_infoENS_7ad_pinsE
                0x00000000       0x1c main.o
 .text._ZN3due11ad_seq_infoEm
                0x00000000       0x20 main.o
 .text._ZN3due14port_registersEm
                0x00000000       0x48 main.o
 .text._ZN3due12ticks_per_usEv
                0x00000000        0x6 main.o
 .text._ZN3due9now_ticksEv
                0x00000000       0x74 main.o
 .text._ZN5hwlib9uart_putcEc
                0x00000000        0x4 main.o
 .text._ZN5hwlib19uart_char_availableEv
                0x00000000        0x4 main.o
 .text._ZN5hwlib9uart_getcEv
                0x00000000        0x4 main.o
 .rodata._ZTVN5hwlib26i2c_bus_bit_banged_scl_sdaE
                0x00000000       0x10 main.o
 .bss._ZZN3due9now_ticksEvE4high
                0x00000000        0x8 main.o
 .bss._ZZN3due9now_ticksEvE8last_low
                0x00000000        0x4 main.o
 .bss._ZZN3due9now_ticksEvE9init_done
                0x00000000        0x1 main.o
 .data._ZN6sam3xa15SystemCoreClockE
                0x00000000        0x4 main.o
 .rodata._ZN3due8pin_infoENS_4pinsE.str1.1
                0x00000000       0x33 main.o
 .rodata._ZZN3due11ad_pin_infoENS_7ad_pinsEE17ad_pin_info_array
                0x00000000        0xc main.o
 .rodata._ZZN3due11ad_seq_infoEmE12ad_seq_array
                0x00000000       0x70 main.o
 .rodata._ZZN3due8pin_infoENS_4pinsEE14pin_info_array
                0x00000000       0xa4 main.o
 .text          0x00000000        0x0 bmptk_cortex.o
 .data          0x00000000        0x0 bmptk_cortex.o
 .bss           0x00000000        0x0 bmptk_cortex.o
 .text.__aeabi_idiv0
                0x00000000        0x4 bmptk_cortex.o
 COMMON         0x00000000        0x4 bmptk_cortex.o
 .text          0x00000000        0x0 bmptk_heap_none.o
 .data          0x00000000        0x0 bmptk_heap_none.o
 .bss           0x00000000        0x0 bmptk_heap_none.o
 .text.malloc   0x00000000        0xa bmptk_heap_none.o
 .text.free     0x00000000        0x4 bmptk_heap_none.o
 .comment       0x00000000       0x12 bmptk_heap_none.o
 .text          0x00000000        0x0 bmptk_fixed_size_stack.o
 .data          0x00000000        0x0 bmptk_fixed_size_stack.o
 .bss           0x00000000        0x0 bmptk_fixed_size_stack.o
 .data          0x00000000        0x0 c:/sysgcc/arm-eabi/bin/../lib/gcc/arm-eabi/7.2.0/thumb/cortex_m3\libgcc.a(_arm_addsubdf3.o)
 .bss           0x00000000        0x0 c:/sysgcc/arm-eabi/bin/../lib/gcc/arm-eabi/7.2.0/thumb/cortex_m3\libgcc.a(_arm_addsubdf3.o)
 .data          0x00000000        0x0 c:/sysgcc/arm-eabi/bin/../lib/gcc/arm-eabi/7.2.0/thumb/cortex_m3\libgcc.a(_arm_muldivdf3.o)
 .bss           0x00000000        0x0 c:/sysgcc/arm-eabi/bin/../lib/gcc/arm-eabi/7.2.0/thumb/cortex_m3\libgcc.a(_arm_muldivdf3.o)
 .data          0x00000000        0x0 c:/sysgcc/arm-eabi/bin/../lib/gcc/arm-eabi/7.2.0/thumb/cortex_m3\libgcc.a(_arm_fixdfsi.o)
 .bss           0x00000000        0x0 c:/sysgcc/arm-eabi/bin/../lib/gcc/arm-eabi/7.2.0/thumb/cortex_m3\libgcc.a(_arm_fixdfsi.o)
 .data          0x00000000        0x0 c:/sysgcc/arm-eabi/bin/../lib/gcc/arm-eabi/7.2.0/thumb/cortex_m3\libgcc.a(_aeabi_ldivmod.o)
 .bss           0x00000000        0x0 c:/sysgcc/arm-eabi/bin/../lib/gcc/arm-eabi/7.2.0/thumb/cortex_m3\libgcc.a(_aeabi_ldivmod.o)
 .data          0x00000000        0x0 c:/sysgcc/arm-eabi/bin/../lib/gcc/arm-eabi/7.2.0/thumb/cortex_m3\libgcc.a(_aeabi_uldivmod.o)
 .bss           0x00000000        0x0 c:/sysgcc/arm-eabi/bin/../lib/gcc/arm-eabi/7.2.0/thumb/cortex_m3\libgcc.a(_aeabi_uldivmod.o)
 .data          0x00000000        0x0 c:/sysgcc/arm-eabi/bin/../lib/gcc/arm-eabi/7.2.0/thumb/cortex_m3\libgcc.a(_udivmoddi4.o)
 .bss           0x00000000        0x0 c:/sysgcc/arm-eabi/bin/../lib/gcc/arm-eabi/7.2.0/thumb/cortex_m3\libgcc.a(_udivmoddi4.o)
 .ARM.extab     0x00000000        0x0 c:/sysgcc/arm-eabi/bin/../lib/gcc/arm-eabi/7.2.0/thumb/cortex_m3\libgcc.a(_udivmoddi4.o)
 .data          0x00000000        0x0 c:/sysgcc/arm-eabi/bin/../lib/gcc/arm-eabi/7.2.0/thumb/cortex_m3\libgcc.a(_dvmd_tls.o)
 .bss           0x00000000        0x0 c:/sysgcc/arm-eabi/bin/../lib/gcc/arm-eabi/7.2.0/thumb/cortex_m3\libgcc.a(_dvmd_tls.o)
 .data          0x00000000        0x0 c:/sysgcc/arm-eabi/bin/../lib/gcc/arm-eabi/7.2.0/../../../../arm-eabi/lib/thumb/cortex_m3\libc.a(lib_a-rand.o)
 .bss           0x00000000        0x0 c:/sysgcc/arm-eabi/bin/../lib/gcc/arm-eabi/7.2.0/../../../../arm-eabi/lib/thumb/cortex_m3\libc.a(lib_a-rand.o)
 .text          0x00000000        0x0 c:/sysgcc/arm-eabi/bin/../lib/gcc/arm-eabi/7.2.0/../../../../arm-eabi/lib/thumb/cortex_m3\libc.a(lib_a-impure.o)
 .bss           0x00000000        0x0 c:/sysgcc/arm-eabi/bin/../lib/gcc/arm-eabi/7.2.0/../../../../arm-eabi/lib/thumb/cortex_m3\libc.a(lib_a-impure.o)
 .rodata        0x00000000        0x4 c:/sysgcc/arm-eabi/bin/../lib/gcc/arm-eabi/7.2.0/../../../../arm-eabi/lib/thumb/cortex_m3\libc.a(lib_a-impure.o)

Memory Configuration

Name             Origin             Length             Attributes
rom              0x00000000         0x00080000         xr
ram              0x20000000         0x00018000         xrw
nul              0x20018000         0x00000000         xrw
*default*        0x00000000         0xffffffff

Linker script and memory map

LOAD c:/sysgcc/arm-eabi/bin/../lib/gcc/arm-eabi/7.2.0/thumb/cortex_m3\libgcc.a
LOAD tinyLidar.o
LOAD HCSR04.o
LOAD piezo.o
LOAD cBall.o
LOAD cPaddel.o
LOAD pongManger.o
LOAD controler.o
LOAD YL40.o
LOAD GY61.o
LOAD potmeter.o
LOAD hwlib.o
LOAD main.o
LOAD bmptk_cortex.o
LOAD bmptk_heap_none.o
LOAD bmptk_fixed_size_stack.o
LOAD c:/sysgcc/arm-eabi/bin/../lib/gcc/arm-eabi/7.2.0/../../../../arm-eabi/lib/thumb/cortex_m3\libm.a
LOAD c:/sysgcc/arm-eabi/bin/../lib/gcc/arm-eabi/7.2.0/thumb/cortex_m3\libgcc.a
LOAD c:/sysgcc/arm-eabi/bin/../lib/gcc/arm-eabi/7.2.0/../../../../arm-eabi/lib/thumb/cortex_m3\libc.a
                0x00000000                __rom_start = ORIGIN (rom)
                0x00080000                __rom_size = LENGTH (rom)
                0x00080000                __rom_end = (__rom_start + __rom_size)
                0x20000000                __ram_start = ORIGIN (ram)
                0x00018000                __ram_size = LENGTH (ram)
                0x20018000                __ram_end = (__ram_start + __ram_size)
                [!provide]                PROVIDE (__rom_start, __rom_start)
                [!provide]                PROVIDE (__rom_size, __rom_size)
                [!provide]                PROVIDE (__rom_end, __rom_end)
                [!provide]                PROVIDE (__ram_start, __ram_start)
                [!provide]                PROVIDE (__ram_size, __ram_size)
                [!provide]                PROVIDE (__ram_end, __ram_end)

.text           0x00000000     0x1adc
                0x00000000                . = ALIGN (0x4)
                0x00000000                __text_start = .
                [!provide]                PROVIDE (__text_start, __text_start)
                0x00000000                . = ALIGN (0x4)
 *(.vectors)
 .vectors       0x00000000       0x20 bmptk_cortex.o
                0x00000000                __vectors
                0x00000020                . = ALIGN (0x4)
 *(.text .text.* .gnu.linkonce.t.*)
 .text._ZN5hwlib26i2c_bus_bit_banged_scl_sda16wait_half_periodEv.isra.0
                0x00000020        0x6 tinyLidar.o
 .text._ZN5hwlib26i2c_bus_bit_banged_scl_sda9write_bitEb
                0x00000026       0x36 tinyLidar.o
                0x00000026                _ZN5hwlib26i2c_bus_bit_banged_scl_sda9write_bitEb
 .text._ZN5hwlib26i2c_bus_bit_banged_scl_sda8read_bitEv
                0x0000005c       0x44 tinyLidar.o
                0x0000005c                _ZN5hwlib26i2c_bus_bit_banged_scl_sda8read_bitEv
 .text._ZN5hwlib26i2c_bus_bit_banged_scl_sda11write_startEv
                0x000000a0       0x28 tinyLidar.o
                0x000000a0                _ZN5hwlib26i2c_bus_bit_banged_scl_sda11write_startEv
 .text._ZN5hwlib26i2c_bus_bit_banged_scl_sda10write_stopEv
                0x000000c8       0x48 tinyLidar.o
                0x000000c8                _ZN5hwlib26i2c_bus_bit_banged_scl_sda10write_stopEv
 .text._ZN5hwlib26i2c_bus_bit_banged_scl_sda10write_byteEj
                0x00000110       0x1c tinyLidar.o
                0x00000110                _ZN5hwlib26i2c_bus_bit_banged_scl_sda10write_byteEj
 .text._ZN5hwlib26i2c_bus_bit_banged_scl_sda5writeEjPKhj
                0x0000012c       0x3a tinyLidar.o
                0x0000012c                _ZN5hwlib26i2c_bus_bit_banged_scl_sda5writeEjPKhj
 .text._ZN5hwlib26i2c_bus_bit_banged_scl_sda4readEjPhj
                0x00000166       0x60 tinyLidar.o
                0x00000166                _ZN5hwlib26i2c_bus_bit_banged_scl_sda4readEjPhj
 *fill*         0x000001c6        0x2 
 .text._ZN6sam3xa10SystemInitEv
                0x000001c8       0x7c tinyLidar.o
                0x000001c8                _ZN6sam3xa10SystemInitEv
 .text._ZN3due8pin_infoENS_4pinsE
                0x00000244       0x20 tinyLidar.o
                0x00000244                _ZN3due8pin_infoENS_4pinsE
 .text._ZN3due14port_registersEm
                0x00000264       0x48 tinyLidar.o
                0x00000264                _ZN3due14port_registersEm
 .text._ZN3due12ticks_per_usEv
                0x000002ac        0x6 tinyLidar.o
                0x000002ac                _ZN3due12ticks_per_usEv
 *fill*         0x000002b2        0x2 
 .text._ZN3due9now_ticksEv
                0x000002b4       0x74 tinyLidar.o
                0x000002b4                _ZN3due9now_ticksEv
 .text._ZN6HCSR043getEv
                0x00000328       0xa0 HCSR04.o
                0x00000328                _ZN6HCSR043getEv
 .text._ZN6HCSR04C2ERN3due7pin_outERNS0_6pin_inE
                0x000003c8       0x1c HCSR04.o
                0x000003c8                _ZN6HCSR04C2ERN3due7pin_outERNS0_6pin_inE
                0x000003c8                _ZN6HCSR04C1ERN3due7pin_outERNS0_6pin_inE
 .text._ZN5piezoC2ERN3due7pin_outE
                0x000003e4        0x4 piezo.o
                0x000003e4                _ZN5piezoC1ERN3due7pin_outE
                0x000003e4                _ZN5piezoC2ERN3due7pin_outE
 .text._ZN5piezo2HzEi
                0x000003e8       0x42 piezo.o
                0x000003e8                _ZN5piezo2HzEi
 .text._ZN5piezo4toneEji
                0x0000042a       0x48 piezo.o
                0x0000042a                _ZN5piezo4toneEji
 .text._ZN5piezo4songEPiS0_i
                0x00000472       0x2e piezo.o
                0x00000472                _ZN5piezo4songEPiS0_i
 .text._ZN5cBallC2Eii
                0x000004a0        0x6 cBall.o
                0x000004a0                _ZN5cBallC1Eii
                0x000004a0                _ZN5cBallC2Eii
 .text._ZN5cBall5ResetEv
                0x000004a6        0xe cBall.o
                0x000004a6                _ZN5cBall5ResetEv
 .text._ZN5cBall9changeDirEi
                0x000004b4        0x4 cBall.o
                0x000004b4                _ZN5cBall9changeDirEi
 .text._ZN5cBall9ramdomdirEcc
                0x000004b8        0x4 cBall.o
                0x000004b8                _ZN5cBall9ramdomdirEcc
 .text._ZN5cBall6updateEv
                0x000004bc       0x46 cBall.o
                0x000004bc                _ZN5cBall6updateEv
 .text._ZN5cBall4getXEv
                0x00000502        0x4 cBall.o
                0x00000502                _ZN5cBall4getXEv
 .text._ZN5cBall4getYEv
                0x00000506        0x4 cBall.o
                0x00000506                _ZN5cBall4getYEv
 .text._ZN5cBall6getDirEv
                0x0000050a        0x4 cBall.o
                0x0000050a                _ZN5cBall6getDirEv
 .text._ZN7cPaddelC2EiiR9controler
                0x0000050e        0xe cPaddel.o
                0x0000050e                _ZN7cPaddelC1EiiR9controler
                0x0000050e                _ZN7cPaddelC2EiiR9controler
 .text._ZN7cPaddel5ResetEv
                0x0000051c        0xa cPaddel.o
                0x0000051c                _ZN7cPaddel5ResetEv
 *fill*         0x00000526        0x2 
 .text._ZN7cPaddel6updateEv
                0x00000528       0x30 cPaddel.o
                0x00000528                _ZN7cPaddel6updateEv
 .text._ZN7cPaddel4getXEv
                0x00000558        0x4 cPaddel.o
                0x00000558                _ZN7cPaddel4getXEv
 .text._ZN7cPaddel4getYEv
                0x0000055c        0x4 cPaddel.o
                0x0000055c                _ZN7cPaddel4getYEv
 .text._ZN7cPaddel10paddelSizeEc
                0x00000560        0xc cPaddel.o
                0x00000560                _ZN7cPaddel10paddelSizeEc
 .text._ZN5hwlib6window5writeENS_8locationENS_5colorENS_9bufferingE
                0x0000056c       0x34 pongManger.o
                0x0000056c                _ZN5hwlib6window5writeENS_8locationENS_5colorENS_9bufferingE
 .text._ZN10pongMangerC2ERN5hwlib9glcd_oledER5cBallR7cPaddelS6_R5piezo
                0x000005a0       0x3e pongManger.o
                0x000005a0                _ZN10pongMangerC2ERN5hwlib9glcd_oledER5cBallR7cPaddelS6_R5piezo
                0x000005a0                _ZN10pongMangerC1ERN5hwlib9glcd_oledER5cBallR7cPaddelS6_R5piezo
 .text._ZN10pongManger5scoreEv
                0x000005de       0x1a pongManger.o
                0x000005de                _ZN10pongManger5scoreEv
 .text._ZN10pongManger4DrawEv
                0x000005f8       0xdc pongManger.o
                0x000005f8                _ZN10pongManger4DrawEv
 .text._ZN10pongManger9collisionEv
                0x000006d4      0x160 pongManger.o
                0x000006d4                _ZN10pongManger9collisionEv
 .text._ZN10pongManger6UpdateEv
                0x00000834       0x20 pongManger.o
                0x00000834                _ZN10pongManger6UpdateEv
 .text._ZN9controlerC2Ev
                0x00000854        0xc controler.o
                0x00000854                _ZN9controlerC2Ev
                0x00000854                _ZN9controlerC1Ev
 .text._ZN4YL403getEv
                0x00000860       0x34 YL40.o
                0x00000860                _ZN4YL403getEv
 .text._ZN4YL40C2ERN5hwlib26i2c_bus_bit_banged_scl_sdaEc
                0x00000894       0x34 YL40.o
                0x00000894                _ZN4YL40C2ERN5hwlib26i2c_bus_bit_banged_scl_sdaEc
                0x00000894                _ZN4YL40C1ERN5hwlib26i2c_bus_bit_banged_scl_sdaEc
 .text._ZN8potmeter3getEv
                0x000008c8       0x28 potmeter.o
                0x000008c8                _ZN8potmeter3getEv
 .text._ZN8potmeterC2ER4YL40
                0x000008f0       0x18 potmeter.o
                0x000008f0                _ZN8potmeterC2ER4YL40
                0x000008f0                _ZN8potmeterC1ER4YL40
 .text._ZN5hwlib6pin_in7refreshEv
                0x00000908        0x2 hwlib.o
                0x00000908                _ZN5hwlib6pin_in7refreshEv
 .text._ZN5hwlib7pin_out5flushEv
                0x0000090a        0x2 hwlib.o
                0x0000090a                _ZN5hwlib7pin_out5flushEv
 .text._ZN5hwlib6pin_oc7refreshEv
                0x0000090c        0x2 hwlib.o
                0x0000090c                _ZN5hwlib6pin_oc7refreshEv
 .text._ZN5hwlib6pin_oc5flushEv
                0x0000090e        0x2 hwlib.o
                0x0000090e                _ZN5hwlib6pin_oc5flushEv
 .text._ZN5hwlib5panicEPKcj
                0x00000910        0x2 hwlib.o
                0x00000910                _ZN5hwlib5panicEPKcj
 .text._ZN5hwlib9now_ticksEv
                0x00000912        0x8 hwlib.o
                0x00000912                _ZN5hwlib9now_ticksEv
 .text._ZN5hwlib6now_usEv
                0x0000091a       0x1c hwlib.o
                0x0000091a                _ZN5hwlib6now_usEv
 .text._ZN5hwlib12wait_us_busyEi
                0x00000936       0x1c hwlib.o
                0x00000936                _ZN5hwlib12wait_us_busyEi
 .text._ZN5hwlib7wait_usEi
                0x00000952        0x4 hwlib.o
                0x00000952                _ZN5hwlib7wait_usEi
 .text._ZN5hwlib7wait_msEi
                0x00000956       0x16 hwlib.o
                0x00000956                _ZN5hwlib7wait_msEi
 .text._ZN5hwlib6window5clearENS_9bufferingE
                0x0000096c       0x6c main.o
                0x0000096c                _ZN5hwlib6window5clearENS_9bufferingE
 .text._ZN3due6pin_in3getEN5hwlib9bufferingE
                0x000009d8       0x10 main.o
                0x000009d8                _ZN3due6pin_in3getEN5hwlib9bufferingE
 .text._ZN3due7pin_out3setEbN5hwlib9bufferingE
                0x000009e8        0xe main.o
                0x000009e8                _ZN3due7pin_out3setEbN5hwlib9bufferingE
 .text._ZN3due6pin_oc3getEN5hwlib9bufferingE
                0x000009f6       0x10 main.o
                0x000009f6                _ZN3due6pin_oc3getEN5hwlib9bufferingE
 .text._ZN3due6pin_oc3setEbN5hwlib9bufferingE
                0x00000a06       0x10 main.o
                0x00000a06                _ZN3due6pin_oc3setEbN5hwlib9bufferingE
 .text._ZN5hwlib9glcd_oled7commandEjjj
                0x00000a16       0x30 main.o
                0x00000a16                _ZN5hwlib9glcd_oled7commandEjjj
 .text._ZN5hwlib9glcd_oled5flushEv
                0x00000a46       0x32 main.o
                0x00000a46                _ZN5hwlib9glcd_oled5flushEv
 .text._ZN5hwlib9glcd_oled20write_implementationENS_8locationENS_5colorENS_9bufferingE
                0x00000a78       0xce main.o
                0x00000a78                _ZN5hwlib9glcd_oled20write_implementationENS_8locationENS_5colorENS_9bufferingE
 *fill*         0x00000b46        0x2 
 .text._ZN3due6pin_inC2ENS_4pinsE
                0x00000b48       0x34 main.o
                0x00000b48                _ZN3due6pin_inC2ENS_4pinsE
                0x00000b48                _ZN3due6pin_inC1ENS_4pinsE
 .text._ZN3due7pin_outC2ENS_4pinsE
                0x00000b7c       0x34 main.o
                0x00000b7c                _ZN3due7pin_outC2ENS_4pinsE
                0x00000b7c                _ZN3due7pin_outC1ENS_4pinsE
 .text._ZN3due6pin_ocC2ENS_4pinsE
                0x00000bb0       0x34 main.o
                0x00000bb0                _ZN3due6pin_ocC2ENS_4pinsE
                0x00000bb0                _ZN3due6pin_ocC1ENS_4pinsE
 .text.startup.main
                0x00000be4      0x10c main.o
                0x00000be4                main
 .text.__startup
                0x00000cf0       0x48 bmptk_cortex.o
                0x00000cf0                __startup
 .text.__cxa_pure_virtual
                0x00000d38        0x2 bmptk_cortex.o
                0x00000d38                __cxa_pure_virtual
 *fill*         0x00000d3a        0x2 
 .text          0x00000d3c      0x378 c:/sysgcc/arm-eabi/bin/../lib/gcc/arm-eabi/7.2.0/thumb/cortex_m3\libgcc.a(_arm_addsubdf3.o)
                0x00000d3c                __aeabi_drsub
                0x00000d44                __aeabi_dsub
                0x00000d44                __subdf3
                0x00000d48                __aeabi_dadd
                0x00000d48                __adddf3
                0x00000fc0                __floatunsidf
                0x00000fc0                __aeabi_ui2d
                0x00000fe0                __floatsidf
                0x00000fe0                __aeabi_i2d
                0x00001004                __aeabi_f2d
                0x00001004                __extendsfdf2
                0x00001048                __floatundidf
                0x00001048                __aeabi_ul2d
                0x00001058                __floatdidf
                0x00001058                __aeabi_l2d
 .text          0x000010b4      0x424 c:/sysgcc/arm-eabi/bin/../lib/gcc/arm-eabi/7.2.0/thumb/cortex_m3\libgcc.a(_arm_muldivdf3.o)
                0x000010b4                __aeabi_dmul
                0x000010b4                __muldf3
                0x00001308                __divdf3
                0x00001308                __aeabi_ddiv
 .text          0x000014d8       0x50 c:/sysgcc/arm-eabi/bin/../lib/gcc/arm-eabi/7.2.0/thumb/cortex_m3\libgcc.a(_arm_fixdfsi.o)
                0x000014d8                __aeabi_d2iz
                0x000014d8                __fixdfsi
 .text          0x00001528       0xa0 c:/sysgcc/arm-eabi/bin/../lib/gcc/arm-eabi/7.2.0/thumb/cortex_m3\libgcc.a(_aeabi_ldivmod.o)
                0x00001528                __aeabi_ldivmod
 .text          0x000015c8       0x30 c:/sysgcc/arm-eabi/bin/../lib/gcc/arm-eabi/7.2.0/thumb/cortex_m3\libgcc.a(_aeabi_uldivmod.o)
                0x000015c8                __aeabi_uldivmod
 .text          0x000015f8      0x2d0 c:/sysgcc/arm-eabi/bin/../lib/gcc/arm-eabi/7.2.0/thumb/cortex_m3\libgcc.a(_udivmoddi4.o)
                0x000015f8                __udivmoddi4
 .text          0x000018c8        0x4 c:/sysgcc/arm-eabi/bin/../lib/gcc/arm-eabi/7.2.0/thumb/cortex_m3\libgcc.a(_dvmd_tls.o)
                0x000018c8                __aeabi_ldiv0
 .text          0x000018cc       0x4c c:/sysgcc/arm-eabi/bin/../lib/gcc/arm-eabi/7.2.0/../../../../arm-eabi/lib/thumb/cortex_m3\libc.a(lib_a-rand.o)
                0x000018cc                srand
                0x000018dc                rand
                0x00001918                . = ALIGN (0x4)
 *(.glue_7t .glue_7)
 .glue_7        0x00001918        0x0 linker stubs
 .glue_7t       0x00001918        0x0 linker stubs
                0x00001918                . = ALIGN (0x4)
 *(.rodata .rodata.* .gnu.linkonce.r.*)
 .rodata._ZTVN5hwlib26i2c_bus_bit_banged_scl_sdaE
                0x00001918       0x10 tinyLidar.o
                0x00001918                _ZTVN5hwlib26i2c_bus_bit_banged_scl_sdaE
 .rodata._ZN3due8pin_infoENS_4pinsE.str1.1
                0x00001928       0x33 tinyLidar.o
 .rodata._ZZN3due8pin_infoENS_4pinsEE14pin_info_array
                0x0000195b       0xa4 tinyLidar.o
 *fill*         0x000019ff        0x1 
 .rodata._ZTV6HCSR04
                0x00001a00        0xc HCSR04.o
                0x00001a00                _ZTV6HCSR04
 .rodata        0x00001a0c       0x30 pongManger.o
 .rodata._ZN5hwlibL5blackE
                0x00001a3c        0x4 pongManger.o
 .rodata._ZTV9controler
                0x00001a40        0xc controler.o
                0x00001a40                _ZTV9controler
 .rodata._ZTV4YL40
                0x00001a4c        0xc YL40.o
                0x00001a4c                _ZTV4YL40
 .rodata._ZTV8potmeter
                0x00001a58        0xc potmeter.o
                0x00001a58                _ZTV8potmeter
 .rodata._ZTVN5hwlib9glcd_oledE
                0x00001a64       0x14 main.o
                0x00001a64                _ZTVN5hwlib9glcd_oledE
 .rodata._ZTVN3due6pin_inE
                0x00001a78       0x10 main.o
                0x00001a78                _ZTVN3due6pin_inE
 .rodata._ZTVN3due7pin_outE
                0x00001a88       0x10 main.o
                0x00001a88                _ZTVN3due7pin_outE
 .rodata._ZTVN3due6pin_ocE
                0x00001a98       0x18 main.o
                0x00001a98                _ZTVN3due6pin_ocE
 .rodata._ZZN5hwlib9glcd_oledC4ERNS_7i2c_busEjE13init_sequence
                0x00001ab0       0x29 main.o
                0x00001ab0                _ZZN5hwlib9glcd_oledC4ERNS_7i2c_busEjE13init_sequence
                0x00001adc                . = ALIGN (0x4)
 *fill*         0x00001ad9        0x3 
 *(.ARM.extab* .gnu.linkonce.armextab.*)
                0x00001adc                . = ALIGN (0x4)
 *(.gcc_except_table)
                0x00001adc                . = ALIGN (0x4)
 *(.eh_frame_hdr)
                0x00001adc                . = ALIGN (0x4)
 *(.eh_frame)
                0x00001adc                . = ALIGN (0x4)
                0x00001adc                __text_end = .
                [!provide]                PROVIDE (__text_end, __text_end)

.vfp11_veneer   0x00001adc        0x0
 .vfp11_veneer  0x00001adc        0x0 linker stubs

.v4_bx          0x00001adc        0x0
 .v4_bx         0x00001adc        0x0 linker stubs

.iplt           0x00001adc        0x0
 .iplt          0x00001adc        0x0 tinyLidar.o

.IF_YOU_SEE_THIS_YOU_HAVE_ONE_OR_MORE_GLOBAL_OBJECT_CONSTRUCTORS
 *(.init)
 *(.preinit_array)
 *(SORT(.init_array.*))
 *(.init_array)
                0x00001adc                . = ALIGN (0x4)
                0x00001adc                __exidx_start = .
                [!provide]                PROVIDE (__exidx_start, __exidx_start)

.ARM.exidx      0x00001adc        0x8
 *(.ARM.exidx* .gnu.linkonce.armexidx.*)
 .ARM.exidx     0x00001adc        0x8 c:/sysgcc/arm-eabi/bin/../lib/gcc/arm-eabi/7.2.0/thumb/cortex_m3\libgcc.a(_udivmoddi4.o)

.rel.dyn        0x00001ae4        0x0
 .rel.iplt      0x00001ae4        0x0 tinyLidar.o
                0x00001ae4                . = ALIGN (0x4)
                0x00001ae4                __exidx_end = .
                [!provide]                PROVIDE (__exidx_end, __exidx_end)

.bss            0x20000000    0x12010
                0x20000000                . = ALIGN (0x4)
                0x20000000                __stack_start = .
                [!provide]                PROVIDE (__stack_start, __stack_start)
                0x20000000                . = ALIGN (0x4)
 *(.bmptk_stack)
 .bmptk_stack   0x20000000    0x12000 bmptk_fixed_size_stack.o
                0x20000000                bmptk_stack
                0x20012000                . = ALIGN (0x8)
                0x20012000                __main_stack_end = .
                [!provide]                PROVIDE (__main_stack_end, __main_stack_end)
                0x20012000                . = ALIGN (0x4)
                0x20012000                __stack_end = .
                [!provide]                PROVIDE (__stack_end, __stack_end)
                0x20012000                . = ALIGN (0x4)
                0x20012000                __bss_start = .
                [!provide]                PROVIDE (__bss_start, __bss_start)
                0x20012000                . = ALIGN (0x4)
 *(.bss .bss.* .gnu.linkonce.b.*)
 .bss._ZZN3due9now_ticksEvE4high
                0x20012000        0x8 tinyLidar.o
 .bss._ZZN3due9now_ticksEvE8last_low
                0x20012008        0x4 tinyLidar.o
 .bss._ZZN3due9now_ticksEvE9init_done
                0x2001200c        0x1 tinyLidar.o
                0x20012010                . = ALIGN (0x4)
 *fill*         0x2001200d        0x3 
 *(COMMON)
                0x20012010                . = ALIGN (0x4)
                0x20012010                __bss_end = .
                [!provide]                PROVIDE (__bss_end, __bss_end)

.data           0x20012010      0x438 load address 0x00001ae4
                0x20012010                . = ALIGN (0x4)
                0x00001ae4                __data_init_start = LOADADDR (.data)
                [!provide]                PROVIDE (__data_init_start, __data_init_start)
                0x20012010                __data_start = .
                [!provide]                PROVIDE (__data_start, __data_start)
                0x20012010                . = ALIGN (0x4)
 *(.data .data.* .gnu.linkonce.d.*)
 .data._ZN6sam3xa15SystemCoreClockE
                0x20012010        0x4 tinyLidar.o
                0x20012010                _ZN6sam3xa15SystemCoreClockE
 *fill*         0x20012014        0x4 
 .data          0x20012018      0x430 c:/sysgcc/arm-eabi/bin/../lib/gcc/arm-eabi/7.2.0/../../../../arm-eabi/lib/thumb/cortex_m3\libc.a(lib_a-impure.o)
                0x20012018                _impure_ptr
                0x20012448                . = ALIGN (0x4)
                0x20012448                __data_end = .
                [!provide]                PROVIDE (__data_end, __data_end)
                0x00001ae4                __data_init_end = LOADADDR (.data)
                [!provide]                PROVIDE (__data_init_end, __data_init_end)
                0x00000438                PROVIDE (__data_size, (__data_end - __data_start))
                0x00000438                PROVIDE (__data_init_size, __data_size)
                [!provide]                PROVIDE (__data_init_end, (__data_init_start + __data_init_size))

.igot.plt       0x20012448        0x0 load address 0x00001f1c
 .igot.plt      0x20012448        0x0 tinyLidar.o
                0x20012448                . = ALIGN (0x4)
                0x20012448                __heap_start = .
                [!provide]                PROVIDE (__heap_start, __heap_start)
                0x20012448                . = ALIGN (0x4)
                0x20018000                __heap_end = __ram_end
                [!provide]                PROVIDE (__heap_end, __heap_end)

.stab
 *(.stab)

.stabstr
 *(.stabstr)

.debug
 *(.debug)

.line
 *(.line)

.debug_srcinfo
 *(.debug_srcinfo)

.debug_sfnames
 *(.debug_sfnames)

.debug_aranges  0x00000000      0x118
 *(.debug_aranges)
 .debug_aranges
                0x00000000       0x20 c:/sysgcc/arm-eabi/bin/../lib/gcc/arm-eabi/7.2.0/thumb/cortex_m3\libgcc.a(_arm_addsubdf3.o)
 .debug_aranges
                0x00000020       0x20 c:/sysgcc/arm-eabi/bin/../lib/gcc/arm-eabi/7.2.0/thumb/cortex_m3\libgcc.a(_arm_muldivdf3.o)
 .debug_aranges
                0x00000040       0x20 c:/sysgcc/arm-eabi/bin/../lib/gcc/arm-eabi/7.2.0/thumb/cortex_m3\libgcc.a(_arm_fixdfsi.o)
 .debug_aranges
                0x00000060       0x20 c:/sysgcc/arm-eabi/bin/../lib/gcc/arm-eabi/7.2.0/thumb/cortex_m3\libgcc.a(_aeabi_ldivmod.o)
 .debug_aranges
                0x00000080       0x20 c:/sysgcc/arm-eabi/bin/../lib/gcc/arm-eabi/7.2.0/thumb/cortex_m3\libgcc.a(_aeabi_uldivmod.o)
 .debug_aranges
                0x000000a0       0x20 c:/sysgcc/arm-eabi/bin/../lib/gcc/arm-eabi/7.2.0/thumb/cortex_m3\libgcc.a(_udivmoddi4.o)
 .debug_aranges
                0x000000c0       0x20 c:/sysgcc/arm-eabi/bin/../lib/gcc/arm-eabi/7.2.0/thumb/cortex_m3\libgcc.a(_dvmd_tls.o)
 .debug_aranges
                0x000000e0       0x20 c:/sysgcc/arm-eabi/bin/../lib/gcc/arm-eabi/7.2.0/../../../../arm-eabi/lib/thumb/cortex_m3\libc.a(lib_a-rand.o)
 .debug_aranges
                0x00000100       0x18 c:/sysgcc/arm-eabi/bin/../lib/gcc/arm-eabi/7.2.0/../../../../arm-eabi/lib/thumb/cortex_m3\libc.a(lib_a-impure.o)

.debug_pubnames
 *(.debug_pubnames)

.debug_info     0x00000000     0x1f76
 *(.debug_info .gnu.linkonce.wi.*)
 .debug_info    0x00000000       0x26 c:/sysgcc/arm-eabi/bin/../lib/gcc/arm-eabi/7.2.0/thumb/cortex_m3\libgcc.a(_arm_addsubdf3.o)
 .debug_info    0x00000026       0x26 c:/sysgcc/arm-eabi/bin/../lib/gcc/arm-eabi/7.2.0/thumb/cortex_m3\libgcc.a(_arm_muldivdf3.o)
 .debug_info    0x0000004c       0x26 c:/sysgcc/arm-eabi/bin/../lib/gcc/arm-eabi/7.2.0/thumb/cortex_m3\libgcc.a(_arm_fixdfsi.o)
 .debug_info    0x00000072       0x26 c:/sysgcc/arm-eabi/bin/../lib/gcc/arm-eabi/7.2.0/thumb/cortex_m3\libgcc.a(_aeabi_ldivmod.o)
 .debug_info    0x00000098       0x26 c:/sysgcc/arm-eabi/bin/../lib/gcc/arm-eabi/7.2.0/thumb/cortex_m3\libgcc.a(_aeabi_uldivmod.o)
 .debug_info    0x000000be      0xcff c:/sysgcc/arm-eabi/bin/../lib/gcc/arm-eabi/7.2.0/thumb/cortex_m3\libgcc.a(_udivmoddi4.o)
 .debug_info    0x00000dbd       0x26 c:/sysgcc/arm-eabi/bin/../lib/gcc/arm-eabi/7.2.0/thumb/cortex_m3\libgcc.a(_dvmd_tls.o)
 .debug_info    0x00000de3      0x8ea c:/sysgcc/arm-eabi/bin/../lib/gcc/arm-eabi/7.2.0/../../../../arm-eabi/lib/thumb/cortex_m3\libc.a(lib_a-rand.o)
 .debug_info    0x000016cd      0x8a9 c:/sysgcc/arm-eabi/bin/../lib/gcc/arm-eabi/7.2.0/../../../../arm-eabi/lib/thumb/cortex_m3\libc.a(lib_a-impure.o)

.debug_abbrev   0x00000000      0x593
 *(.debug_abbrev)
 .debug_abbrev  0x00000000       0x14 c:/sysgcc/arm-eabi/bin/../lib/gcc/arm-eabi/7.2.0/thumb/cortex_m3\libgcc.a(_arm_addsubdf3.o)
 .debug_abbrev  0x00000014       0x14 c:/sysgcc/arm-eabi/bin/../lib/gcc/arm-eabi/7.2.0/thumb/cortex_m3\libgcc.a(_arm_muldivdf3.o)
 .debug_abbrev  0x00000028       0x14 c:/sysgcc/arm-eabi/bin/../lib/gcc/arm-eabi/7.2.0/thumb/cortex_m3\libgcc.a(_arm_fixdfsi.o)
 .debug_abbrev  0x0000003c       0x14 c:/sysgcc/arm-eabi/bin/../lib/gcc/arm-eabi/7.2.0/thumb/cortex_m3\libgcc.a(_aeabi_ldivmod.o)
 .debug_abbrev  0x00000050       0x14 c:/sysgcc/arm-eabi/bin/../lib/gcc/arm-eabi/7.2.0/thumb/cortex_m3\libgcc.a(_aeabi_uldivmod.o)
 .debug_abbrev  0x00000064      0x199 c:/sysgcc/arm-eabi/bin/../lib/gcc/arm-eabi/7.2.0/thumb/cortex_m3\libgcc.a(_udivmoddi4.o)
 .debug_abbrev  0x000001fd       0x14 c:/sysgcc/arm-eabi/bin/../lib/gcc/arm-eabi/7.2.0/thumb/cortex_m3\libgcc.a(_dvmd_tls.o)
 .debug_abbrev  0x00000211      0x1f0 c:/sysgcc/arm-eabi/bin/../lib/gcc/arm-eabi/7.2.0/../../../../arm-eabi/lib/thumb/cortex_m3\libc.a(lib_a-rand.o)
 .debug_abbrev  0x00000401      0x192 c:/sysgcc/arm-eabi/bin/../lib/gcc/arm-eabi/7.2.0/../../../../arm-eabi/lib/thumb/cortex_m3\libc.a(lib_a-impure.o)

.debug_line     0x00000000      0x988
 *(.debug_line)
 .debug_line    0x00000000      0x18c c:/sysgcc/arm-eabi/bin/../lib/gcc/arm-eabi/7.2.0/thumb/cortex_m3\libgcc.a(_arm_addsubdf3.o)
 .debug_line    0x0000018c      0x1a5 c:/sysgcc/arm-eabi/bin/../lib/gcc/arm-eabi/7.2.0/thumb/cortex_m3\libgcc.a(_arm_muldivdf3.o)
 .debug_line    0x00000331       0x80 c:/sysgcc/arm-eabi/bin/../lib/gcc/arm-eabi/7.2.0/thumb/cortex_m3\libgcc.a(_arm_fixdfsi.o)
 .debug_line    0x000003b1       0x85 c:/sysgcc/arm-eabi/bin/../lib/gcc/arm-eabi/7.2.0/thumb/cortex_m3\libgcc.a(_aeabi_ldivmod.o)
 .debug_line    0x00000436       0x67 c:/sysgcc/arm-eabi/bin/../lib/gcc/arm-eabi/7.2.0/thumb/cortex_m3\libgcc.a(_aeabi_uldivmod.o)
 .debug_line    0x0000049d      0x265 c:/sysgcc/arm-eabi/bin/../lib/gcc/arm-eabi/7.2.0/thumb/cortex_m3\libgcc.a(_udivmoddi4.o)
 .debug_line    0x00000702       0x67 c:/sysgcc/arm-eabi/bin/../lib/gcc/arm-eabi/7.2.0/thumb/cortex_m3\libgcc.a(_dvmd_tls.o)
 .debug_line    0x00000769      0x13a c:/sysgcc/arm-eabi/bin/../lib/gcc/arm-eabi/7.2.0/../../../../arm-eabi/lib/thumb/cortex_m3\libc.a(lib_a-rand.o)
 .debug_line    0x000008a3       0xe5 c:/sysgcc/arm-eabi/bin/../lib/gcc/arm-eabi/7.2.0/../../../../arm-eabi/lib/thumb/cortex_m3\libc.a(lib_a-impure.o)

.debug_frame    0x00000000      0x200
 *(.debug_frame)
 .debug_frame   0x00000000       0xac c:/sysgcc/arm-eabi/bin/../lib/gcc/arm-eabi/7.2.0/thumb/cortex_m3\libgcc.a(_arm_addsubdf3.o)
 .debug_frame   0x000000ac       0x50 c:/sysgcc/arm-eabi/bin/../lib/gcc/arm-eabi/7.2.0/thumb/cortex_m3\libgcc.a(_arm_muldivdf3.o)
 .debug_frame   0x000000fc       0x24 c:/sysgcc/arm-eabi/bin/../lib/gcc/arm-eabi/7.2.0/thumb/cortex_m3\libgcc.a(_arm_fixdfsi.o)
 .debug_frame   0x00000120       0x44 c:/sysgcc/arm-eabi/bin/../lib/gcc/arm-eabi/7.2.0/thumb/cortex_m3\libgcc.a(_aeabi_ldivmod.o)
 .debug_frame   0x00000164       0x2c c:/sysgcc/arm-eabi/bin/../lib/gcc/arm-eabi/7.2.0/thumb/cortex_m3\libgcc.a(_aeabi_uldivmod.o)
 .debug_frame   0x00000190       0x34 c:/sysgcc/arm-eabi/bin/../lib/gcc/arm-eabi/7.2.0/thumb/cortex_m3\libgcc.a(_udivmoddi4.o)
 .debug_frame   0x000001c4       0x3c c:/sysgcc/arm-eabi/bin/../lib/gcc/arm-eabi/7.2.0/../../../../arm-eabi/lib/thumb/cortex_m3\libc.a(lib_a-rand.o)

.debug_str      0x00000000     0x1a0d
 *(.debug_str)
 .debug_str     0x00000000       0xbb c:/sysgcc/arm-eabi/bin/../lib/gcc/arm-eabi/7.2.0/thumb/cortex_m3\libgcc.a(_arm_addsubdf3.o)
 .debug_str     0x000000bb       0xbb c:/sysgcc/arm-eabi/bin/../lib/gcc/arm-eabi/7.2.0/thumb/cortex_m3\libgcc.a(_arm_muldivdf3.o)
 .debug_str     0x000000bb       0xbb c:/sysgcc/arm-eabi/bin/../lib/gcc/arm-eabi/7.2.0/thumb/cortex_m3\libgcc.a(_arm_fixdfsi.o)
 .debug_str     0x000000bb       0x33 c:/sysgcc/arm-eabi/bin/../lib/gcc/arm-eabi/7.2.0/thumb/cortex_m3\libgcc.a(_aeabi_ldivmod.o)
                                 0xb6 (size before relaxing)
 .debug_str     0x000000ee       0xb6 c:/sysgcc/arm-eabi/bin/../lib/gcc/arm-eabi/7.2.0/thumb/cortex_m3\libgcc.a(_aeabi_uldivmod.o)
 .debug_str     0x000000ee     0x1325 c:/sysgcc/arm-eabi/bin/../lib/gcc/arm-eabi/7.2.0/thumb/cortex_m3\libgcc.a(_udivmoddi4.o)
                               0x13da (size before relaxing)
 .debug_str     0x00001413       0x37 c:/sysgcc/arm-eabi/bin/../lib/gcc/arm-eabi/7.2.0/thumb/cortex_m3\libgcc.a(_dvmd_tls.o)
                                 0xba (size before relaxing)
 .debug_str     0x0000144a      0x4f5 c:/sysgcc/arm-eabi/bin/../lib/gcc/arm-eabi/7.2.0/../../../../arm-eabi/lib/thumb/cortex_m3\libc.a(lib_a-rand.o)
                                0x5b9 (size before relaxing)
 .debug_str     0x0000193f       0xce c:/sysgcc/arm-eabi/bin/../lib/gcc/arm-eabi/7.2.0/../../../../arm-eabi/lib/thumb/cortex_m3\libc.a(lib_a-impure.o)
                                0x5a5 (size before relaxing)

.debug_loc      0x00000000      0xeaa
 *(.debug_loc)
 .debug_loc     0x00000000      0xe8b c:/sysgcc/arm-eabi/bin/../lib/gcc/arm-eabi/7.2.0/thumb/cortex_m3\libgcc.a(_udivmoddi4.o)
 .debug_loc     0x00000e8b       0x1f c:/sysgcc/arm-eabi/bin/../lib/gcc/arm-eabi/7.2.0/../../../../arm-eabi/lib/thumb/cortex_m3\libc.a(lib_a-rand.o)

.comment        0x00000000       0x11
 .comment       0x00000000       0x11 tinyLidar.o
                                 0x12 (size before relaxing)
 .comment       0x00000011       0x12 HCSR04.o
 .comment       0x00000011       0x12 piezo.o
 .comment       0x00000011       0x12 cBall.o
 .comment       0x00000011       0x12 cPaddel.o
 .comment       0x00000011       0x12 pongManger.o
 .comment       0x00000011       0x12 controler.o
 .comment       0x00000011       0x12 YL40.o
 .comment       0x00000011       0x12 potmeter.o
 .comment       0x00000011       0x12 hwlib.o
 .comment       0x00000011       0x12 main.o
 .comment       0x00000011       0x12 bmptk_cortex.o
 .comment       0x00000011       0x12 bmptk_fixed_size_stack.o
 .comment       0x00000011       0x12 c:/sysgcc/arm-eabi/bin/../lib/gcc/arm-eabi/7.2.0/thumb/cortex_m3\libgcc.a(_udivmoddi4.o)
 .comment       0x00000011       0x12 c:/sysgcc/arm-eabi/bin/../lib/gcc/arm-eabi/7.2.0/../../../../arm-eabi/lib/thumb/cortex_m3\libc.a(lib_a-rand.o)
 .comment       0x00000011       0x12 c:/sysgcc/arm-eabi/bin/../lib/gcc/arm-eabi/7.2.0/../../../../arm-eabi/lib/thumb/cortex_m3\libc.a(lib_a-impure.o)

.debug_macinfo
 *(.debug_macinfo)

.debug_weaknames
 *(.debug_weaknames)

.debug_funcnames
 *(.debug_funcnames)

.debug_typenames
 *(.debug_typenames)

.debug_varnames
 *(.debug_varnames)

.note.gnu.arm.ident
 *(.note.gnu.arm.ident)

.ARM.attributes
                0x00000000       0x33
 *(.ARM.attributes)
 .ARM.attributes
                0x00000000       0x33 tinyLidar.o
 .ARM.attributes
                0x00000033       0x33 HCSR04.o
 .ARM.attributes
                0x00000066       0x33 piezo.o
 .ARM.attributes
                0x00000099       0x33 cBall.o
 .ARM.attributes
                0x000000cc       0x33 cPaddel.o
 .ARM.attributes
                0x000000ff       0x33 pongManger.o
 .ARM.attributes
                0x00000132       0x33 controler.o
 .ARM.attributes
                0x00000165       0x33 YL40.o
 .ARM.attributes
                0x00000198       0x33 GY61.o
 .ARM.attributes
                0x000001cb       0x33 potmeter.o
 .ARM.attributes
                0x000001fe       0x33 hwlib.o
 .ARM.attributes
                0x00000231       0x33 main.o
 .ARM.attributes
                0x00000264       0x33 bmptk_cortex.o
 .ARM.attributes
                0x00000297       0x33 bmptk_heap_none.o
 .ARM.attributes
                0x000002ca       0x33 bmptk_fixed_size_stack.o
 .ARM.attributes
                0x000002fd       0x23 c:/sysgcc/arm-eabi/bin/../lib/gcc/arm-eabi/7.2.0/thumb/cortex_m3\libgcc.a(_arm_addsubdf3.o)
 .ARM.attributes
                0x00000320       0x23 c:/sysgcc/arm-eabi/bin/../lib/gcc/arm-eabi/7.2.0/thumb/cortex_m3\libgcc.a(_arm_muldivdf3.o)
 .ARM.attributes
                0x00000343       0x23 c:/sysgcc/arm-eabi/bin/../lib/gcc/arm-eabi/7.2.0/thumb/cortex_m3\libgcc.a(_arm_fixdfsi.o)
 .ARM.attributes
                0x00000366       0x23 c:/sysgcc/arm-eabi/bin/../lib/gcc/arm-eabi/7.2.0/thumb/cortex_m3\libgcc.a(_aeabi_ldivmod.o)
 .ARM.attributes
                0x00000389       0x23 c:/sysgcc/arm-eabi/bin/../lib/gcc/arm-eabi/7.2.0/thumb/cortex_m3\libgcc.a(_aeabi_uldivmod.o)
 .ARM.attributes
                0x000003ac       0x33 c:/sysgcc/arm-eabi/bin/../lib/gcc/arm-eabi/7.2.0/thumb/cortex_m3\libgcc.a(_udivmoddi4.o)
 .ARM.attributes
                0x000003df       0x23 c:/sysgcc/arm-eabi/bin/../lib/gcc/arm-eabi/7.2.0/thumb/cortex_m3\libgcc.a(_dvmd_tls.o)
 .ARM.attributes
                0x00000402       0x33 c:/sysgcc/arm-eabi/bin/../lib/gcc/arm-eabi/7.2.0/../../../../arm-eabi/lib/thumb/cortex_m3\libc.a(lib_a-rand.o)
 .ARM.attributes
                0x00000435       0x33 c:/sysgcc/arm-eabi/bin/../lib/gcc/arm-eabi/7.2.0/../../../../arm-eabi/lib/thumb/cortex_m3\libc.a(lib_a-impure.o)

/DISCARD/
 *(.note.GNU-stack)
                [!provide]                PROVIDE (__text_size, (__text_end - __text_start))
                [!provide]                PROVIDE (__exidx_size, (__exidx_end - __exidx_start))
                [!provide]                PROVIDE (__bss_size, (__bss_end - __bss_start))
                [!provide]                PROVIDE (__stack_size, (__stack_end - __stack_start))
                [!provide]                PROVIDE (__heap_size, (__heap_end - __heap_start))
OUTPUT(main.elf elf32-littlearm)

.debug_ranges   0x00000000       0xf8
 .debug_ranges  0x00000000       0xf8 c:/sysgcc/arm-eabi/bin/../lib/gcc/arm-eabi/7.2.0/thumb/cortex_m3\libgcc.a(_udivmoddi4.o)
